[level1]
map =   ................................
        ................................
        ........p..........p............
        ................................
        ................................
        ................................
        ................................
        ........................p.......
        ....p.................p.........
        ................................
        ................................
        ........p.......................
        ................................
        ................................
        ................................
        ................................
        ................................
        ...............p..p............p
        ................................
        ................................
        ............s.hhhh..............
        ............s.hhhh..............
        ............s.hhhh..............
        ............s.hhhh..............
        ..............hhhh..............
        ..............hhhh..............
        ..............hhhh..............
        ..............hhhh..............
        ..............hhhh..............
        ................................
        ................................
        ................................
        ................................
        .....h..........................
        .....h.......s..h...............
        .....h......s...h...............
        .....h..s.............h.....h...
        .....h......................h...
        .........................h......
        ................h...............
        ......................h.....h...
        ................................
        ................................
        ................................
        ................................
        ................................
        ................................
        ................................
        ................................
        ................................
        ................................
        ................................
        ................................
        ................................
        ................................
        ................................
        ................................
        ................................
        ................................
        ................................
        ................................
        ................................
        ................................
        ................................

[level2]
map =   ................................
        ................................
        .p.p............................
        ................................
        ................................
        ..........p.....p.....p.........
        ................................
        ................................
        ................................
        ................................
        ................................
        ................................
        ................................
        ................................
        ................................
        ................................
        ..............p.................
        ................................
        ..............p.................
        ................................
        ......................p.........
        ........................s..s....
        ...............s................
        ...............s......p.........
        ..........................s.....
        ................................
        ................................
        ................................
        ................................
        ................................
        ................................
        ................................
        ................................
        .....h..s.......................
        .....h..s.......h...............
        .....h..s.......h...............
        .....h................h.....h...
        .....h......................h...
        ................................
        ................................
        ................................
        ................................
        ................................
        ................................
        ................................
        ................................
        ................................
        ................................
        ................................
        ................................
        ................................
        ................................
        ................................
        ................................
        ................................
        ................................
        ................................
        ................................
        ................................
        ................................
        ................................

[boss]
map =   ................................
        ................................
        .p.p............................
        ................................
        ................................
        ..........p.....p.....p.........
        ................................
        .......................p........
        ................................
        ................................
        ................................
        ................................
        ................................
        ................................
        ................................
        ................................
        ..............p.................
        ................................
        ..............p.................
        ................................
        ......................p.........
        ................................
        ................................
        ......................p.........
        ................................
        ................................
        ................................
        ................................
        ................................
        ................................
        ................................
        ................................
        ................................
        .....h..s.......................
        .....h..s.......h...............
        .....h..s.......h...............
        .....h................h.....h...
        .....h......................h...
        ................................
        ................................
        ................................
        ................................
        ................................
        ................................
        ................................
        ................................
        ................................
        ................................
        ................................
        ................................
        ................................
        ................................
        ................................
        ................................
        ................................
        ................................
        ................................
        ................................
        ................................
        ................................
        ................................
